0 info it worked if it ends with ok
1 verbose cli [
1 verbose cli   '/Users/hrithiksampson/.nvm/versions/node/v20.11.0/bin/node',
1 verbose cli   '/Users/hrithiksampson/Swades-AI-Hackathon/node_modules/.bin/npm',
1 verbose cli   'run',
1 verbose cli   'db:start'
1 verbose cli ]
2 info using npm@2.15.12
3 info using node@v20.11.0
4 verbose run-script [ 'predb:start', 'db:start', 'postdb:start' ]
5 info predb:start @my-better-t-app/db@
6 info db:start @my-better-t-app/db@
7 verbose unsafe-perm in lifecycle true
8 info @my-better-t-app/db@ Failed to exec db:start script
9 verbose stack Error: @my-better-t-app/db@ db:start: `docker compose up -d`
9 verbose stack Exit status 1
9 verbose stack     at EventEmitter.<anonymous> (/Users/hrithiksampson/Swades-AI-Hackathon/node_modules/npm/lib/utils/lifecycle.js:217:16)
9 verbose stack     at EventEmitter.emit (node:events:518:28)
9 verbose stack     at ChildProcess.<anonymous> (/Users/hrithiksampson/Swades-AI-Hackathon/node_modules/npm/lib/utils/spawn.js:24:14)
9 verbose stack     at ChildProcess.emit (node:events:518:28)
9 verbose stack     at maybeClose (node:internal/child_process:1105:16)
9 verbose stack     at ChildProcess._handle.onexit (node:internal/child_process:305:5)
10 verbose pkgid @my-better-t-app/db@
11 verbose cwd /Users/hrithiksampson/Swades-AI-Hackathon/packages/db
12 error Darwin 24.5.0
13 error argv "/Users/hrithiksampson/.nvm/versions/node/v20.11.0/bin/node" "/Users/hrithiksampson/Swades-AI-Hackathon/node_modules/.bin/npm" "run" "db:start"
14 error node v20.11.0
15 error npm  v2.15.12
16 error code ELIFECYCLE
17 error @my-better-t-app/db@ db:start: `docker compose up -d`
17 error Exit status 1
18 error Failed at the @my-better-t-app/db@ db:start script 'docker compose up -d'.
18 error This is most likely a problem with the @my-better-t-app/db package,
18 error not with npm itself.
18 error Tell the author that this fails on your system:
18 error     docker compose up -d
18 error You can get information on how to open an issue for this project with:
18 error     npm bugs @my-better-t-app/db
18 error Or if that isn't available, you can get their info via:
18 error
18 error     npm owner ls @my-better-t-app/db
18 error There is likely additional logging output above.
19 verbose exit [ 1, true ]
